[error]: type mismatch
     ╭──▶ «input»@1:23-1:24
     │
   1 │ let f : Int -> Int = \i -o i in f
     •                       ┬ 
     •                       ╰╸ actual type
     •                          Int -o Int
     •                          is not a subtype of
     •                          Int -> Int
─────╯
