[error]: type mismatch
     ╭──▶ «input»@1:22-1:31
     │
   1 │ let f : () -> Int = \(i : Int) -> i in ()
     •                      ┬──────── 
     •                      ╰╸ actual type
     •                         Int -> Int
     •                         is not a subtype of
     •                         () -> Int
─────╯
