[error]: not a function type
     ╭──▶ «input»@1:28-1:29
     │
   1 │ \(f : ∀(a:TU). a -> ()) -> f 10
     •                            ┬ 
     •                            ╰╸ expected a function but this expression's
     •                               type is not convertible to a function type:
     •                               forall (a:TU). a -> ()
─────╯
