[error]: linearity violated: use differes between branches
     ╭──▶ «input»@3:14-3:15
     │
   1 │ \[a : TL] (x : AB) (f: a -> ()) -> \(a : a) -o
     •                                     ┬────── 
     •                                     ╰╸ variable bound here of type a
     •
   3 │       A -> f a,   -- Error: a is consumed in first branch, but not second.
     •       ┬──────┬ 
     •       │      ╰╸ variable consumed here
     •       ╰╸ variable consumed in this branch
   4 │       B -> ()
     •       ┬──────
     •       ╰╸ variable not consumed in this branch
─────╯
