[error]: linearity violated: use differes between branches
     ╭──▶ «input»@4:14-4:15
     │
   1 │ \[a : TL] (x : AB) (f: a -> ()) -> \(a : a) -o
     •                                     ┬────── 
     •                                     ╰╸ variable bound here of type a
     •
   3 │       A -> (),
     •       ┬────── 
     •       ╰╸ variable not consumed in this branch
   4 │       B -> f a   -- Error: a is not consumed in first branch, but in second.
     •       ┬──────┬ 
     •       │      ╰╸ variable consumed here
     •       ╰╸ variable consumed in this branch
─────╯
