[error]: linearity violated: multiple uses
     ╭──▶ «input»@1:40-1:41
     │
   1 │ \[a:TL] (f : a -> a -> a) (a : a) -> f a a
     •                           ┬──────      ┬ ┬
     •                           │            ╰──╸ first use
     •                           │              ╰╸ second use
     •                           ╰╸ variable bound here of type a
─────╯
