[error]: associativity conflict
     ╭──▶ «input»@1:5-1:14
     │
   1 │ "a" <= "b" <= "c"
     •     ┬──────── 
     •     ├───────╸ non-associative operators with equal precedence are used
     •            │  next to each other
     •     ╰───────╸ operator #1
     •            ╰╸ operator #2
     •
     │ Hint: Use parentheses to explicitly specify the associativity.
─────╯
