[error]: associativity conflict
     ╭──▶ «input»@1:6-1:15
     │
   1 │ ("a" == "b" ==)
     •      ┬──────── 
     •      ├───────╸ non-associative operators with equal precedence are used
     •             │  next to each other
     •      ╰───────╸ operator #1
     •             ╰╸ operator #2
     •
     │ Hint: Use parentheses to explicitly specify the associativity.
─────╯
