[error]: precedence conflict
     ╭──▶ «input»@1:2-1:15
     │
   1 │ ("a" <| "b" <|)
     •  ┬──────────── 
     •  ╰───────────╸ the operator of a section must have lower predence than
     •      │      │  its operand
     •      ╰───────╸ this operator has higher precedence
     •             ╰╸ than this section operator
     •
     │ Hint: Use parentheses to explicitly specify the associativity.
─────╯
