[warning]: unnecessary linear arrow
     ╭──▶ «input»@1:16-1:18
     │
   1 │ \[x:TU] [y:TU] -o 0
     •                ┬─ 
     •                ╰╸ prefer an unrestricted arrow ->
     •
─────┼──▶ «unknown location»@1:1-1:1
     │
   1 │ <no line>
     • 
     • ╰╸ lambda abstraction binds only type variables
─────╯
