[error]: invalid ‘rec’ expression
     ╭──▶ «input»@1:25-1:26
     │
   1 │ rec go : ∀(a:TU). Int = \[a:TU] -> 5
     •                         ┬ 
     •                         ╰╸ rec right-hand side binds only type variables
     •
─────┼──▶ «unknown location»@1:1-1:1
     │
   1 │ <no line>
     • 
     • ╰╸ this rec expression
     •
     │ Hint: a rec expression's right-hand side must bind at least one term
     │       variable.
─────╯
