[error]: kind mismatch in benchmark pragma
     ╭──▶ «input»@1:15-1:17
     │
   1 │ {-# BENCHMARK () End! #-}
     •               ┬─ ┬─── 
     •               ╰───╸ type has kind TU
     •                  ╰╸ type has kind SL
     •
     │ Note: Heterogeneous type equality is not supported.
─────╯
