[error]: invalid ‘data’ declaration
     ╭──▶ «unknown location»@1:1-1:1
     │
   1 │ <no line>
     • 
     • ╰╸ ResolvedName (Name (ModuleName "") (Unqualified {getUnqualified = "MyProto"})) (ModuleName "M") (ResolvedId 0)
     •    cannot be declared as kind P
     •
     │ Note: data declarations can only declare types with kinds TL, or TU
─────╯
