[error]: linearity violated: use inside unrestricted context
     ╭──▶ «input»@2:21-2:22
     │
   1 │ const : ∀(a:TL). a -> ∀(b:TU). b -> a
     •                                ┬─────
     •                                ╰╸ enclosing unrestricted context
   2 │ const [_] a [_] b = a
     •           ┬         ┬
     •           │         ╰╸ consumed here
     •           ╰╸ variable bound here of type _
─────╯
