[error]: type mismatch
     ╭──▶ «input»@2:7-2:31
     │
   2 │ foo = rec go : Bool -o Int = \(a:Bool) -o go a
     •       ┬─────────────────────── 
     •       ╰╸ actual type
     •          Bool -o Int
     •          is not a subtype of
     •          Bool -> Int
─────╯

[error]: kind mismatch
     ╭──▶ «input»@2:16-2:27
     │
   2 │ foo = rec go : Bool -o Int = \(a:Bool) -o go a
     •                ┬────────── 
     •                ╰╸ type has kind TL
     •
     │ Hint: Expected a subkind of TU.
─────╯
