[error]: cyclic type alias
     ╭──▶ «unknown location»@1:1-1:1
     │
   1 │ <no line>
     • 
     • ╰╸ defined here
     •
─────┼──▶ «input»@1:25-1:34
     │
   1 │ type Recursive (t:TU) = Recursive (t, Recursive t)
     •                         ┬──────── 
     •                         ╰╸ used here
─────╯

[error]: cyclic type aliases
     ╭──▶ «input»@3:1-3:5
     │
   3 │ type A = B
     • ┬───     ┬
     • │        ╰╸ used here
     • ╰╸ defined here
   4 │ type B = A
     • ┬───     ┬
     • ╰─────────╸ defined here
     •          ╰╸ used here
─────╯
