[error]: duplicate declaration
     ╭──▶ «input»@1:37-1:40
     │
   1 │ data SnocList = Snoc SnocList Int | Nil
     •                                     ┬──
     •                                     ╰╸ first declaration
   2 │ data ConsList = Cons ConsList Int | Nil
     •                                     ┬──
     •                                     ╰╸ second declaration
─────╯
